File: empty_configs.toml

logging:
  example:
    filepath: 
    max_file_size: 1048576
    max_files: 5
    output_log_level: info
client:
  example:
    uris: []
    call_timeout: 15.000
    message_parser:
      read_buffer_size: 32768
    executor:
      num_transport_threads: 1
      num_callback_threads: 1
    reconnection:
      initial_waiting_time: 0.125
      max_waiting_time: 32.000
      max_jitter_waiting_time: 0.125
server:
  example:
    uris: []
    message_parser:
      read_buffer_size: 32768
    executor:
      num_transport_threads: 1
      num_callback_threads: 1
