File: /workspaces/cpp-msgpack-rpc/tests/integ/config/toml/empty.toml

logging:
