File: full_configs.toml

logging:
  example:
    file_path: test.log
    max_file_size: 12345
    max_files: 123
    output_log_level: error
client:
  example:
    uris: [tcp://localhost:12345]
    call_timeout: 7.000
    message_parser:
      read_buffer_size: 1234
    executor:
      num_transport_threads: 7
      num_callback_threads: 9
    reconnection:
      initial_waiting_time: 1.500
      max_waiting_time: 2.500
      max_jitter_waiting_time: 0.250
server:
  example:
    uris: [tcp://localhost:23456]
    message_parser:
      read_buffer_size: 2345
    executor:
      num_transport_threads: 11
      num_callback_threads: 13
