File: /workspaces/cpp-msgpack-rpc/tests/integ/config/toml/one_empty_config.toml

logging:
  example:
    filepath: 
    max_file_size: 1048576
    max_files: 5
    output_log_level: info
