IP: fc00::1
Port: 12345
Full: tcp://[fc00::1]:12345
