IP: 11.22.33.44
Port: 1234
Full: 11.22.33.44:1234
