Invalid value for example: message (at test.toml:3)
