Invalid value for example: message (at (unknown file):3)
